
> quan-ly-nha-hang@0.1.0 build
> next build

Γû▓ Next.js 16.1.6 (Turbopack)
- Environments: .env.local

  Creating an optimized production build ...
node.exe : 
At line:1 char:1
+ & "C:\Program Files\nodejs/node.exe" "C:\Program 
Files\nodejs/node_mo ...
+ ~~~~~~~~~~~~~~~~~~~~~~~~~~~~~~~~~~~~~~~~~~~~~~~~~
~~~~~~~~~~~~~~~~~~~~
    + CategoryInfo          : NotSpecified: (:Stri 
   ng) [], RemoteException
    + FullyQualifiedErrorId : NativeCommandError
 
> Build error occurred
Error: Turbopack build failed with 1 errors:
./src/components/features/order/orderCurrent/compon
ents/CheckoutModal.tsx:2:1
Module not found: Can't resolve 'qrcode.react'
[0m [90m 1 |[39m [36mimport[39m { 
[33mDollarSign[39m[33m,[39m [33mLoader2[39m 
} [36mfrom[39m 
[32m"lucide-react"[39m[33m;[39m
[31m[1m>[22m[39m[90m 2 |[39m 
[36mimport[39m { [33mQRCodeSVG[39m } 
[36mfrom[39m [32m"qrcode.react"[39m[33m;[39m
 [90m   |[39m [31m[1m^[22m[39m[31m[1m^[22m
[39m[31m[1m^[22m[39m[31m[1m^[22m[39m[31m
[1m^[22m[39m[31m[1m^[22m[39m[31m[1m^[22m[
39m[31m[1m^[22m[39m[31m[1m^[22m[39m[31m[1
m^[22m[39m[31m[1m^[22m[39m[31m[1m^[22m[39
m[31m[1m^[22m[39m[31m[1m^[22m[39m[31m[1m^
[22m[39m[31m[1m^[22m[39m[31m[1m^[22m[39m
[31m[1m^[22m[39m[31m[1m^[22m[39m[31m[1m^[
22m[39m[31m[1m^[22m[39m[31m[1m^[22m[39m[3
1m[1m^[22m[39m[31m[1m^[22m[39m[31m[1m^[22
m[39m[31m[1m^[22m[39m[31m[1m^[22m[39m[31m
[1m^[22m[39m[31m[1m^[22m[39m[31m[1m^[22m
[39m[31m[1m^[22m[39m[31m[1m^[22m[39m[31m[
1m^[22m[39m[31m[1m^[22m[39m[31m[1m^[22m[3
9m[31m[1m^[22m[39m[31m[1m^[22m[39m[31m[1m
^[22m[39m[31m[1m^[22m[39m[31m[1m^[22m[39m
[31m[1m^[22m[39m
 [90m 3 |[39m [36mimport[39m 
[33mReact[39m[33m,[39m { useState } 
[36mfrom[39m [32m"react"[39m[33m;[39m
 [90m 4 |[39m [36mimport[39m { toast } 
[36mfrom[39m [32m"sonner"[39m[33m;[39m
 [90m 5 |[39m[0m



Import traces:
  Client Component Browser:
    ./src/components/features/order/orderCurrent/co
mponents/CheckoutModal.tsx [Client Component 
Browser]
    ./src/components/features/order/orderCurrent/co
mponents/OrderSummaryFooter.tsx [Client Component 
Browser]
    ./src/components/features/order/orderCurrent/Or
derCurrent.tsx [Client Component Browser]
    ./src/components/features/order/OrderDetailsSid
ebar.tsx [Client Component Browser]
    ./src/components/features/order/OrderDetailsSid
ebar.tsx [Server Component]
    ./src/app/(protected)/(employee)/(cashier)/orde
r/page.tsx [Server Component]

  Client Component SSR:
    ./src/components/features/order/orderCurrent/co
mponents/CheckoutModal.tsx [Client Component SSR]
    ./src/components/features/order/orderCurrent/co
mponents/OrderSummaryFooter.tsx [Client Component 
SSR]
    ./src/components/features/order/orderCurrent/Or
derCurrent.tsx [Client Component SSR]
    ./src/components/features/order/OrderDetailsSid
ebar.tsx [Client Component SSR]
    ./src/components/features/order/OrderDetailsSid
ebar.tsx [Server Component]
    ./src/app/(protected)/(employee)/(cashier)/orde
r/page.tsx [Server Component]

https://nextjs.org/docs/messages/module-not-found


    at <unknown> (./src/components/features/order/o
rderCurrent/components/CheckoutModal.tsx:2:1)
    at <unknown> 
(https://nextjs.org/docs/messages/module-not-found)
